<?xml version="1.0" encoding="utf-8"?>
<config programVersion='3.0' configVersion='0'>
	<listen ip='*' port='80' type='http' ipv6='0' />
	<listen ip='127.0.0.1' port='3311' type='manage' ipv6='0' />
	<listen ip='127.0.0.1' port='3333' type='http' ipv6='0' />
	<lang>zh_CN</lang>
	<keep_alive>60</keep_alive>
	<timeout>120</timeout>
	<min_free_thread>0</min_free_thread>
	<autoupdate type='on' install='3' url=''/>
	<admin user='admin' password='d4b4180809b577da4cadeecb4cd31b67' crypt='md5' auth_type='Basic'>
		<allowip>127.0.0.1</allowip>
	</admin>
	<gzip only_gzip_cache='1' min_gzip_length='256' gzip_level='5'/>
	<cache default='1' max_cache_size='1M'>
		<memory>10M</memory>
		<disk>0</disk>
		<refresh_time>10</refresh_time>
	</cache>
	<connect max_per_ip='0' max='0' />
	<tempfile>2</tempfile>
	<max_post_size>8M</max_post_size>
	<async_io>1</async_io>
	<buffer>32K</buffer>
	<dns_cache_time>3600</dns_cache_time>
	<request_queue max_worker='3' max_queue='0'/>
	<path_info>1</path_info>
	<insert_via>0</insert_via>
	<x_real_ip>0</x_real_ip>
	<x_forwarded_for>1</x_forwarded_for>
	<access_log>/nolog</access_log>
	<log_handle_concurrent>2</log_handle_concurrent>
	<log level='3'/>
	<extends>
		<api name='whm' file='buildin:whm' type='mt'  life_time='60'>
</api>
		<cmd name='php-nts' proto='fastcgi' file='../../php-5.3.8/php-cgi.exe' type='mp' worker='3' life_time='60' idle_time='120'>
			<env PHPRC="../../php-5.3.8/php.ini" />
		</cmd>
	</extends>
	<writebacks>
	</writebacks>
	<request action='vhs' >
		<table name='BEGIN'>
		</table>
	</request>
	<response action='allow' >
		<table name='BEGIN'>
		</table>
	</response>
</config>

<!--configfileisok-->